-.. . ... .--. .. - . / - .... . / .- .--. .--. / --- .-. / .-- .... .- - . ...- . .-. / --- - .... . .-. / -- . - .... --- -.. / -.-- --- ..- / ..- ... . -.. / - --- / .-.. . .- .-. -. / .. / .-- --- ..- .-.. -.. / ... .- -.-- / - .... .- - / -.-- --- ..- / -.. . -- --- -. ... - .-. .- - . -.. / - .... . / - .-- --- / -- --- ... - / .. -- .--. --- .-. - .- -. - / - .... .. -. --. ... / - --- / .-.. . .- .-. -. .. -. --. / -- --- .-. ... . / -.-. --- -.. . / -- --- - .. ...- .- - .. --- -. / .- -. -.. / . -. - .... ..- ... .. .- ... -- / .. ..-. / -.-- --- ..- / .... .- ...- . / - .... --- ... . / - .-- --- / .- .-.. -- --- ... - / .- -. -.-- / .-.. . .- .-. -. .. -. --. / - . -.-. .... -. .. --.- ..- . / .-- .. .-.. .-.. / .-- --- .-. -.- / --- -. . / - .... .. -. --. / .. / .-- --- ..- .-.. -.. / -.-. .- ..- - .. --- -. / .. ... / - --- / .-.. . .- .-. -. / - .... . / -.-. .... .- .-. .- -.-. - . .-. ... / .-- .... . - .... . .-. / .-. . -.-. . .. ...- .. -. --. / --- .-. / ... . -. -.. .. -. --. / -... -.-- / - .... . .. .-. / ... --- ..- -. -.. ... / -.-- --- ..- / -- . -. - .. --- -. . -.. / --. . - - .. -. --. / .--. .- -.. -.. .-.. . ... / .-- .... . -. / -.-- --- ..- / --. . - / - --- / .- / -.-. . .-. - .- .. -. / ... .--. . . -.. / -.-- --- ..- .-.. .-.. / .... .- ...- . / - --- / -.- -. --- .-- / .-- .... .- - / .- / / ... --- ..- -. -.. ... / .-.. .. -.- . / -. --- - / .-- .... .- - / .. - / .. ... / -.-. --- -- .--. --- ... . -.. / --- ..-. / .. / -.. --- -. - / - .... .. -. -.- / .- -. -.-- -... --- -.. -.-- / ... .... --- ..- .-.. -.. / - .... .. -. -.- / .. -. / - . .-. -- ... / --- ..-. / -.. .. - ... / .- -. -.. / -.. .- .... ... / . .- -.-. .... / -.-. .... .- .-. .- -.-. - . .-. / .... .- ... / .- / ..- -. .. --.- ..- . / ... --- ..- -. -.. / --. .-.. .- -.. / -.-- --- ..- .-. . / . -. .--- --- -.-- .. -. --. / -- --- .-. ... . / -.-. --- -.. . / .. - ... / - .. -- . / ..-. --- .-. / -.-- --- ..- / - --- / --. . - / --- -. / - .... . / .- .. .-. / .- -. -.. / -- .- -.- . / ... --- -- . / -.-. --- -. - .- -.-. - ... / -.- . . .--. / .- - / .. - / .- -. -.. / .... .- ...- . / ..-. ..- -. / 